// Jest Snapshot v1, https://goo.gl/fbAQLP

exports[`Readme documentation Updates README.md with standardized chapters 1`] = `
"# Project123

![npm](https://img.shields.io/npm/v/project123)

![Build status](https://github.com/mycompany/project123/actions/workflows/main.yml/badge.svg)

![npm bundle size](https://img.shields.io/bundlephobia/min/project123)

![Dependencies](https://status.david-dm.org/gh/mycompany/project123.svg)

![npm type definitions](https://img.shields.io/npm/types/project123)

![node-current](https://img.shields.io/node/v/project123)

![NPM](https://img.shields.io/npm/l/project123)

> Scratch Book is an annotation library written in Typescript that makes it easy to write documentation in a decentralized fashion.

- **Typescript** can be used to write the documentation. Integrates perfectly with [ts-node](https://typestrong.org/ts-node/).
- **No dependency** and lightweight.
- **Advanced matchers** to query the notes.
- **Simple model** for the notes that requires very little learning curve while still offering a lot of flexibility.
- **extensive tests coverage**.

## Usage

\`\`\`
const myScratchBook: ScratchBook = {
notes: [
createScratchNote('about/scratchbook/description', 'Annotation library'),
createScratchNote('about/scratchbook/github', 'scratchbook on github', 'https://github.com/flarebyte/scratchbook'),
createScratchNote('about/other/...', 'Some other projects')
]
}
filterScratchBook(withPrefix('about/scratchbook/'))(myScratchBook)
// will return the description and the github link

\`\`\`

### Documentation

A detailed documentation for each functions is [available](https://flarebyte.github.io/scratchbook/)

### Installation

\`\`\`
yarn add scratchbook
\`\`\`

## Documentation and links

* [Code Maintenance](MAINTENANCE.md)
* [Code Of Conduct](CODE_OF_CONDUCT.md)
* [Contributing](CONTRIBUTING.md)
* [Contributors](https://github.com/mycompany/project123/graphs/contributors)
* [Dependencies](https://github.com/mycompany/project123/network/dependencies)

## Installation

This package is [ESM only][esm].
\`\`\`
yarn add project123
\`\`\`"
`;
