// Jest Snapshot v1, https://goo.gl/fbAQLP

exports[`Technical Design documentation Updates TECHNICAL_DESIGN.md with standardized chapters 1`] = `
"# Technical Design

> 

## Overview

### Audience

### Purpose

### Code structure

### Useful links

## Code structure

* __src__: Typescript source code
* __test__: Jest unit tests
* __dist__: Temporary folder for building distribution code
* __report__: Temporary folder for reporting; usually for continuous integration
* __.github__: Folder for github pipeline
* __.vscode__: Folder for visual code snippets

## Useful links

* Guideline for [Clean Code in Typescript](https://labs42io.github.io/clean-code-typescript/)"
`;
